>>> "Hello"
>>> ()
>>> 42
>>> ()
>>> 42
>>> 84
exit
