>>> "Hello"
>>> ()
>>> 42
>>> ()
>>> 42
Error
Error
>>> 84
exit
